flutter : C:\src\weather_app\.
dart_tool\package_config.json 
does not exist.
In Zeile:1 Zeichen:1
+ flutter run --no-pub > 
build_output.txt 2>&1 | 
Out-Null; Select-Strin ...
+ ~~~~~~~~~~~~~~~~~~~~~~~~~~~~
~~~~~~~~~~~~~~~~
    + CategoryInfo          : 
    NotSpecified: (C:\src\we  
  ather_...does not exist.:   
 String) [], RemoteExcepti    
on
    + FullyQualifiedErrorId : 
    NativeCommandError
 
Did you run this command from 
the same directory as your 
pubspec.yaml file?
Error: 
Launching lib\main.dart on A059P in debug mode...
Running Gradle task 'assembleDebug'...                          
C:\src\weather_app\.dart_tool\
package_config.json does not 
exist.
Did you run this command from 
the same directory as your 
pubspec.yaml file?
C:\src\weather_app\.dart_tool\
package_config.json does not 
exist.
Did you run this command from 
the same directory as your 
pubspec.yaml file?
Target dart_build failed: 
Error: 
Target 
gen_dart_plugin_registrant 
failed: Error: 


FAILURE: Build failed with an 
exception.

* What went wrong:
Execution failed for task ':ap
p:compileFlutterBuildDebug'.
> Process 'command 'C:\src\flu
tter\bin\flutter.bat'' 
finished with non-zero exit 
value 1

* Try:
> Run with --stacktrace 
option to get the stack trace.
> Run with --info or --debug 
option to get more log output.
> Run with --scan to get full 
insights.
> Get more help at 
https://help.gradle.org.

BUILD FAILED in 2s
Running Gradle task 'assembleDebug'...                           2.765ms
Error: Gradle task 
assembleDebug failed with 
exit code 1
